src/components/cards/PlayerCard.tsx(42,13): error TS2322: Type '{ hidden: { opacity: number; y: number; scale: number; }; visible: { opacity: number; y: number; scale: number; transition: { duration: number; delay: number; ease: string; }; }; hover: { y: number; scale: number; transition: { ...; }; }; }' is not assignable to type 'Variants'.
  Property 'visible' is incompatible with index signature.
    Type '{ opacity: number; y: number; scale: number; transition: { duration: number; delay: number; ease: string; }; }' is not assignable to type 'Variant'.
      Type '{ opacity: number; y: number; scale: number; transition: { duration: number; delay: number; ease: string; }; }' is not assignable to type 'TargetAndTransition'.
        Type '{ opacity: number; y: number; scale: number; transition: { duration: number; delay: number; ease: string; }; }' is not assignable to type '{ transition?: Transition<any> | undefined; transitionEnd?: ResolvedValues | undefined; }'.
          Types of property 'transition' are incompatible.
            Type '{ duration: number; delay: number; ease: string; }' is not assignable to type 'Transition<any> | undefined'.
              Type '{ duration: number; delay: number; ease: string; }' is not assignable to type 'TransitionWithValueOverrides<any>'.
                Type '{ duration: number; delay: number; ease: string; }' is not assignable to type 'ValueAnimationTransition<any>'.
                  Types of property 'ease' are incompatible.
                    Type 'string' is not assignable to type 'Easing | Easing[] | undefined'.
src/components/pulse/PulseSection.tsx(290,21): error TS2322: Type 'unknown' is not assignable to type 'ReactNode'.
src/components/ui/Button.tsx(33,10): error TS2322: Type '{ children: Element; form?: string | undefined; formAction?: string | ((formData: FormData) => void | Promise<void>) | undefined; formEncType?: string | undefined; ... 287 more ...; disabled: boolean | undefined; }' is not assignable to type 'Omit<HTMLMotionProps<"button">, "ref">'.
  Types of property 'onAnimationStart' are incompatible.
    Type 'AnimationEventHandler<HTMLButtonElement> | undefined' is not assignable to type '((definition: AnimationDefinition) => void) | undefined'.
      Type 'AnimationEventHandler<HTMLButtonElement>' is not assignable to type '(definition: AnimationDefinition) => void'.
        Types of parameters 'event' and 'definition' are incompatible.
          Type 'AnimationDefinition' is not assignable to type 'AnimationEvent<HTMLButtonElement>'.
            Type 'string' is not assignable to type 'AnimationEvent<HTMLButtonElement>'.
src/lib/chat/chat-service.ts(83,62): error TS2345: Argument of type 'Game[] | undefined' is not assignable to parameter of type 'GameWithStats[] | undefined'.
  Type 'Game[]' is not assignable to type 'GameWithStats[]'.
    Type 'Game' is missing the following properties from type 'GameWithStats': homePlayerStats, awayPlayerStats
src/lib/chat/chat-service.ts(261,62): error TS2345: Argument of type 'Game[] | undefined' is not assignable to parameter of type 'GameWithStats[] | undefined'.
  Type 'Game[]' is not assignable to type 'GameWithStats[]'.
    Type 'Game' is missing the following properties from type 'GameWithStats': homePlayerStats, awayPlayerStats
src/lib/db.ts(1,10): error TS2305: Module '"@prisma/client"' has no exported member 'PrismaClient'.
src/lib/sms/sms-service.ts(230,17): error TS7006: Parameter 'p' implicitly has an 'any' type.
src/lib/sms/sms-service.ts(234,14): error TS7006: Parameter 'p' implicitly has an 'any' type.
